groupa.txt is found. Copy to the working directory.
groupb.txt is found. Copy to the working directory.
gtf = ../genome.gtf
name = 1_v_2
type = 2
nread = 10
skipratio = 0.05
fmode = 3
irmode = 0
adjp = 0
trimp = 5
denominator = 0
irrange = 5
groupa = 1_v_2.groupa.txt
groupb = 1_v_2.groupb.txt
threads = 8
output = .
variance assumption = equal (Student's t-test)
Path = /usr/local/bin/PSI-Sigma-2.1
WT_0_T1.sortedByCoord.bam.bai is ready.
WT_0_T2.sortedByCoord.bam.bai is ready.
WT_0_N1.sortedByCoord.bam.bai is ready.
WT_0_N2.sortedByCoord.bam.bai is ready.
Generating mapping file...
Checking splice-junction files...
Generating... WT_0_N2.sortedByCoord.SJ.out.tab
Generating... WT_0_T2.sortedByCoord.SJ.out.tab
Generating... WT_0_N1.sortedByCoord.SJ.out.tab
Generating... WT_0_T1.sortedByCoord.SJ.out.tab
===Splice-junction files spent 0.2642 hours.===
Generating 1_v_2.db...
Number of valid .SJ.out.tab files = 4
time = 0.30 mins
Number of valid .SJ.out.tab files = 4
time = 0.53 mins
Number of valid .SJ.out.tab files = 4
time = 0.55 mins
Number of valid .SJ.out.tab files = 4
time = 0.60 mins
Number of valid .SJ.out.tab files = 4
time = 0.83 mins
Number of valid .SJ.out.tab files = 4
time = 1.22 mins
Number of valid .SJ.out.tab files = 4
time = 1.22 mins
Number of valid .SJ.out.tab files = 4
time = 3.50 mins
Number of valid .SJ.out.tab files = 4
time = 0.23 mins
Number of valid .SJ.out.tab files = 4
time = 0.30 mins
Number of valid .SJ.out.tab files = 4
time = 0.32 mins
Number of valid .SJ.out.tab files = 4
time = 0.35 mins
Number of valid .SJ.out.tab files = 4
time = 1.17 mins
Number of valid .SJ.out.tab files = 4
time = 1.28 mins
Number of valid .SJ.out.tab files = 4
time = 1.32 mins
Number of valid .SJ.out.tab files = 4
time = 1.68 mins
Number of valid .SJ.out.tab files = 4
time = 0.18 mins
Number of valid .SJ.out.tab files = 4
time = 0.55 mins
Number of valid .SJ.out.tab files = 4
time = 0.57 mins
Number of valid .SJ.out.tab files = 4
time = 0.62 mins
Number of valid .SJ.out.tab files = 4
time = 0.65 mins
Number of valid .SJ.out.tab files = 4
time = 0.80 mins
Number of valid .SJ.out.tab files = 4
time = 0.85 mins
Number of valid .SJ.out.tab files = 4
time = 0.88 mins
Number of valid .SJ.out.tab files = 4
time = 0.17 mins
===Database spent 0.1042 hours.===
Getting intron reads....
Checking WT_0_N2.sortedByCoord.bam...
Checking WT_0_N2.sortedByCoord.IR.out.tab...
Generating .IR.out for WT_0_N2.sortedByCoord
Checking WT_0_T2.sortedByCoord.bam...
Checking WT_0_T2.sortedByCoord.IR.out.tab...
Generating .IR.out for WT_0_T2.sortedByCoord
Checking WT_0_N1.sortedByCoord.bam...
Checking WT_0_N1.sortedByCoord.IR.out.tab...
Generating .IR.out for WT_0_N1.sortedByCoord
Checking WT_0_T1.sortedByCoord.bam...
Checking WT_0_T1.sortedByCoord.IR.out.tab...
Generating .IR.out for WT_0_T1.sortedByCoord
Processing WT_0_T2.sortedByCoord.bam...
Processing WT_0_N1.sortedByCoord.bam...
Processing WT_0_T1.sortedByCoord.bam...
Processing WT_0_N2.sortedByCoord.bam...
read format = paired-end
read format = paired-end
read format = paired-end
read format = paired-end
Doing... 1
Doing... 1
Doing... 1
Doing... 1
Output... 1
Doing... 10
Output... 1
Doing... 10
Output... 1
Doing... 10
Output... 10
Doing... 11
Output... 1
Doing... 10
Output... 10
Doing... 11
Output... 10
Doing... 11
Output... 11
Doing... 12
Output... 10
Doing... 11
Output... 11
Doing... 12
Output... 11
Doing... 12
Output... 12
Doing... 13
Output... 13
Doing... 14
Output... 11
Doing... 12
Output... 12
Doing... 13
Output... 12
Doing... 13
Output... 14
Doing... 15
Output... 13
Doing... 14
Output... 13
Doing... 14
Output... 15
Doing... 16
Output... 14
Doing... 15
Output... 14
Doing... 15
Output... 12
Doing... 13
Output... 16
Doing... 17
Output... 15
Doing... 16
Output... 13
Doing... 14
Output... 15
Doing... 16
Output... 14
Doing... 15
Output... 16
Doing... 17
Output... 16
Doing... 17
Output... 17
Doing... 18
Output... 18
Doing... 19
Output... 15
Doing... 16
Output... 17
Doing... 18
Output... 19
Doing... 2
Output... 17
Doing... 18
Output... 18
Doing... 19
Output... 18
Doing... 19
Output... 16
Doing... 17
Output... 2
Doing... 20
Output... 19
Doing... 2
Output... 19
Doing... 2
Output... 20
Doing... 21
Output... 17
Doing... 18
Output... 21
Doing... 22
Output... 2
Doing... 20
Output... 22
Doing... 3
Output... 18
Doing... 19
Output... 20
Doing... 21
Output... 2
Doing... 20
Output... 21
Doing... 22
Output... 3
Doing... 4
Output... 22
Doing... 3
Output... 20
Doing... 21
Output... 19
Doing... 2
Output... 4
Doing... 5
Output... 21
Doing... 22
Output... 22
Doing... 3
Output... 3
Doing... 4
Output... 5
Doing... 6
Output... 4
Doing... 5
Output... 2
Doing... 20
Output... 6
Doing... 7
Output... 3
Doing... 4
Output... 20
Doing... 21
Output... 5
Doing... 6
Output... 4
Doing... 5
Output... 7
Doing... 8
Output... 21
Doing... 22
Output... 6
Doing... 7
Output... 22
Doing... 3
Output... 8
Doing... 9
Output... 5
Doing... 6
Output... 9
Doing... MT
Output... 6
Doing... 7
Output... 7
Doing... 8
Output... 3
Doing... 4
Output... MT
Doing... X
Output... 8
Doing... 9
Output... X
Doing... Y
Output... Y
Spent 30.0000 mins
Output... 7
Doing... 8
Output... 4
Doing... 5
Output... 9
Doing... MT
Output... 8
Doing... 9
Output... MT
Doing... X
Output... 5
Doing... 6
Output... X
Doing... Y
Output... Y
Spent 32.8500 mins
Output... 9
Doing... MT
Output... MT
Doing... X
Output... 6
Doing... 7
Output... X
Doing... Y
Output... Y
Spent 34.8667 mins
Output... 7
Doing... 8
Output... 8
Doing... 9
Output... 9
Doing... MT
Output... MT
Doing... X
Output... X
Doing... Y
Output... Y
Spent 40.7500 mins
===Intron-read file spent 0.6794 hours.===
Ready to do PSI analysis...
Group A has 2 samples.
Group B has 2 samples.
Reading... WT_0_N1.sortedByCoord
Reading... WT_0_N1.sortedByCoord.SJ.out.tab
accession = WT_0_N1.sortedByCoord
(T) WT_0_N1.sortedByCoord
Checking IR reads
checking... WT_0_N1.sortedByCoord.IR.out.tab
Checking SJ reads...
Calculating PSI values...
Reading... WT_0_N2.sortedByCoord
Reading... WT_0_N2.sortedByCoord.SJ.out.tab
accession = WT_0_N2.sortedByCoord
(T) WT_0_N2.sortedByCoord
Checking IR reads
checking... WT_0_N2.sortedByCoord.IR.out.tab
Checking SJ reads...
Calculating PSI values...
Reading... WT_0_T1.sortedByCoord
Reading... WT_0_T1.sortedByCoord.SJ.out.tab
accession = WT_0_T1.sortedByCoord
(N) WT_0_T1.sortedByCoord
Checking IR reads
checking... WT_0_T1.sortedByCoord.IR.out.tab
Checking SJ reads...
Calculating PSI values...
Reading... WT_0_T2.sortedByCoord
Reading... WT_0_T2.sortedByCoord.SJ.out.tab
accession = WT_0_T2.sortedByCoord
(N) WT_0_T2.sortedByCoord
Checking IR reads
checking... WT_0_T2.sortedByCoord.IR.out.tab
Checking SJ reads...
Calculating PSI values...
Number of events = 171420
Number of samples = 4
Statistics option = Student's t-test
number of p-value = 124470
Number of final p-value = 123815
Skipping p-value adjustment.
number of fdr(BH) = 123815
===PSI analysis spent 0.0183 hours.===
Filtering ΔPSI results...
Filtering mode = 3
Reading... ../genome.gtf.mapping.txt
Reading... 1_v_2.db
===Filtering spent 0.0014 hours.===
Archiving... 1_v_2_r10_ir3.txt 
1_v_2_r10_ir3.txt

***Total: 1.0675 hours (or 64.05mins).
