groupa.txt is found. Copy to the working directory.
groupb.txt is found. Copy to the working directory.
gtf = ../genome.gtf
name = 1_v_5
type = 2
nread = 10
skipratio = 0.05
fmode = 3
irmode = 0
adjp = 0
trimp = 5
denominator = 0
irrange = 5
groupa = 1_v_5.groupa.txt
groupb = 1_v_5.groupb.txt
threads = 8
output = .
variance assumption = equal (Student's t-test)
Path = /usr/local/bin/PSI-Sigma-2.1
WT_0_T1.sortedByCoord.bam.bai is ready.
WT_0_T2.sortedByCoord.bam.bai is ready.
WT_100_N1.sortedByCoord.bam.bai is ready.
WT_100_N2.sortedByCoord.bam.bai is ready.
Generating mapping file...
Checking splice-junction files...
Generating... WT_100_N2.sortedByCoord.SJ.out.tab
Generating... WT_100_N1.sortedByCoord.SJ.out.tab
Generating... WT_0_T1.sortedByCoord.SJ.out.tab
Generating... WT_0_T2.sortedByCoord.SJ.out.tab
===Splice-junction files spent 0.2650 hours.===
Generating 1_v_5.db...
Number of valid .SJ.out.tab files = 4
time = 0.27 mins
Number of valid .SJ.out.tab files = 4
time = 0.53 mins
Number of valid .SJ.out.tab files = 4
time = 0.53 mins
Number of valid .SJ.out.tab files = 4
time = 0.55 mins
Number of valid .SJ.out.tab files = 4
time = 0.80 mins
Number of valid .SJ.out.tab files = 4
time = 1.08 mins
Number of valid .SJ.out.tab files = 4
time = 1.20 mins
Number of valid .SJ.out.tab files = 4
time = 2.85 mins
Number of valid .SJ.out.tab files = 4
time = 0.22 mins
Number of valid .SJ.out.tab files = 4
time = 0.27 mins
Number of valid .SJ.out.tab files = 4
time = 0.32 mins
Number of valid .SJ.out.tab files = 4
time = 0.32 mins
Number of valid .SJ.out.tab files = 4
time = 1.15 mins
Number of valid .SJ.out.tab files = 4
time = 1.15 mins
Number of valid .SJ.out.tab files = 4
time = 1.17 mins
Number of valid .SJ.out.tab files = 4
time = 1.68 mins
Number of valid .SJ.out.tab files = 4
time = 0.17 mins
Number of valid .SJ.out.tab files = 4
time = 0.50 mins
Number of valid .SJ.out.tab files = 4
time = 0.55 mins
Number of valid .SJ.out.tab files = 4
time = 0.58 mins
Number of valid .SJ.out.tab files = 4
time = 0.62 mins
Number of valid .SJ.out.tab files = 4
time = 0.78 mins
Number of valid .SJ.out.tab files = 4
time = 0.80 mins
Number of valid .SJ.out.tab files = 4
time = 0.83 mins
Number of valid .SJ.out.tab files = 4
time = 0.18 mins
===Database spent 0.0925 hours.===
Getting intron reads....
Checking WT_100_N2.sortedByCoord.bam...
Checking WT_100_N2.sortedByCoord.IR.out.tab...
Generating .IR.out for WT_100_N2.sortedByCoord
Checking WT_100_N1.sortedByCoord.bam...
Checking WT_100_N1.sortedByCoord.IR.out.tab...
Generating .IR.out for WT_100_N1.sortedByCoord
Checking WT_0_T1.sortedByCoord.bam...
Checking WT_0_T1.sortedByCoord.IR.out.tab...
Generating .IR.out for WT_0_T1.sortedByCoord
Checking WT_0_T2.sortedByCoord.bam...
Checking WT_0_T2.sortedByCoord.IR.out.tab...
Generating .IR.out for WT_0_T2.sortedByCoord
Processing WT_100_N2.sortedByCoord.bam...
Processing WT_0_T1.sortedByCoord.bam...
Processing WT_100_N1.sortedByCoord.bam...
Processing WT_0_T2.sortedByCoord.bam...
read format = paired-end
read format = paired-end
read format = paired-end
read format = paired-end
Doing... 1
Doing... 1
Doing... 1
Doing... 1
Output... 1
Doing... 10
Output... 1
Doing... 10
Output... 10
Doing... 11
Output... 10
Doing... 11
Output... 11
Doing... 12
Output... 1
Doing... 10
Output... 1
Doing... 10
Output... 11
Doing... 12
Output... 10
Doing... 11
Output... 12
Doing... 13
Output... 10
Doing... 11
Output... 13
Doing... 14
Output... 12
Doing... 13
Output... 13
Doing... 14
Output... 14
Doing... 15
Output... 14
Doing... 15
Output... 15
Doing... 16
Output... 11
Doing... 12
Output... 15
Doing... 16
Output... 11
Doing... 12
Output... 16
Doing... 17
Output... 16
Doing... 17
Output... 17
Doing... 18
Output... 18
Doing... 19
Output... 12
Doing... 13
Output... 17
Doing... 18
Output... 12
Doing... 13
Output... 18
Doing... 19
Output... 13
Doing... 14
Output... 19
Doing... 2
Output... 13
Doing... 14
Output... 14
Doing... 15
Output... 14
Doing... 15
Output... 19
Doing... 2
Output... 2
Doing... 20
Output... 20
Doing... 21
Output... 15
Doing... 16
Output... 21
Doing... 22
Output... 15
Doing... 16
Output... 2
Doing... 20
Output... 22
Doing... 3
Output... 20
Doing... 21
Output... 21
Doing... 22
Output... 3
Doing... 4
Output... 16
Doing... 17
Output... 22
Doing... 3
Output... 16
Doing... 17
Output... 4
Doing... 5
Output... 3
Doing... 4
Output... 5
Doing... 6
Output... 4
Doing... 5
Output... 17
Doing... 18
Output... 17
Doing... 18
Output... 6
Doing... 7
Output... 18
Doing... 19
Output... 18
Doing... 19
Output... 5
Doing... 6
Output... 7
Doing... 8
Output... 6
Doing... 7
Output... 8
Doing... 9
Output... 19
Doing... 2
Output... 9
Doing... MT
Output... 7
Doing... 8
Output... 19
Doing... 2
Output... 8
Doing... 9
Output... MT
Doing... X
Output... X
Doing... Y
Output... Y
Spent 27.3333 mins
Output... 9
Doing... MT
Output... 2
Doing... 20
Output... 2
Doing... 20
Output... MT
Doing... X
Output... 20
Doing... 21
Output... 20
Doing... 21
Output... X
Doing... Y
Output... Y
Spent 29.6167 mins
Output... 21
Doing... 22
Output... 21
Doing... 22
Output... 22
Doing... 3
Output... 22
Doing... 3
Output... 3
Doing... 4
Output... 3
Doing... 4
Output... 4
Doing... 5
Output... 4
Doing... 5
Output... 5
Doing... 6
Output... 5
Doing... 6
Output... 6
Doing... 7
Output... 6
Doing... 7
Output... 7
Doing... 8
Output... 7
Doing... 8
Output... 8
Doing... 9
Output... 8
Doing... 9
Output... 9
Doing... MT
Output... MT
Doing... X
Output... X
Doing... Y
Output... Y
Spent 45.1667 mins
Output... 9
Doing... MT
Output... MT
Doing... X
Output... X
Doing... Y
Output... Y
Spent 46.8667 mins
===Intron-read file spent 0.7814 hours.===
Ready to do PSI analysis...
Group A has 2 samples.
Group B has 2 samples.
Reading... WT_0_T1.sortedByCoord
Reading... WT_0_T1.sortedByCoord.SJ.out.tab
accession = WT_0_T1.sortedByCoord
(N) WT_0_T1.sortedByCoord
Checking IR reads
checking... WT_0_T1.sortedByCoord.IR.out.tab
Checking SJ reads...
Calculating PSI values...
Reading... WT_0_T2.sortedByCoord
Reading... WT_0_T2.sortedByCoord.SJ.out.tab
accession = WT_0_T2.sortedByCoord
(N) WT_0_T2.sortedByCoord
Checking IR reads
checking... WT_0_T2.sortedByCoord.IR.out.tab
Checking SJ reads...
Calculating PSI values...
Reading... WT_100_N1.sortedByCoord
Reading... WT_100_N1.sortedByCoord.SJ.out.tab
accession = WT_100_N1.sortedByCoord
(T) WT_100_N1.sortedByCoord
Checking IR reads
checking... WT_100_N1.sortedByCoord.IR.out.tab
Checking SJ reads...
Calculating PSI values...
Reading... WT_100_N2.sortedByCoord
Reading... WT_100_N2.sortedByCoord.SJ.out.tab
accession = WT_100_N2.sortedByCoord
(T) WT_100_N2.sortedByCoord
Checking IR reads
checking... WT_100_N2.sortedByCoord.IR.out.tab
Checking SJ reads...
Calculating PSI values...
Number of events = 164761
Number of samples = 4
Statistics option = Student's t-test
number of p-value = 92324
Number of final p-value = 91916
Skipping p-value adjustment.
number of fdr(BH) = 91916
===PSI analysis spent 0.0181 hours.===
Filtering ΔPSI results...
Filtering mode = 3
Reading... ../genome.gtf.mapping.txt
Reading... 1_v_5.db
===Filtering spent 0.0008 hours.===
Archiving... 1_v_5_r10_ir3.txt 
1_v_5_r10_ir3.txt

***Total: 1.1578 hours (or 69.468mins).
