groupa.txt is found. Copy to the working directory.
groupb.txt is found. Copy to the working directory.
gtf = ../genome.gtf
name = 7_v_8
type = 2
nread = 10
skipratio = 0.05
fmode = 3
irmode = 0
adjp = 0
trimp = 5
denominator = 0
irrange = 5
groupa = 7_v_8.groupa.txt
groupb = 7_v_8.groupb.txt
threads = 8
output = .
variance assumption = equal (Student's t-test)
Path = /usr/local/bin/PSI-Sigma-2.1
G579S_0_T1.sortedByCoord.bam.bai is ready.
G579S_0_T2.sortedByCoord.bam.bai is ready.
G579S_0_N1.sortedByCoord.bam.bai is ready.
G579S_0_N2.sortedByCoord.bam.bai is ready.
Generating mapping file...
Checking splice-junction files...
Generating... G579S_0_N2.sortedByCoord.SJ.out.tab
Generating... G579S_0_T1.sortedByCoord.SJ.out.tab
Generating... G579S_0_N1.sortedByCoord.SJ.out.tab
Generating... G579S_0_T2.sortedByCoord.SJ.out.tab
===Splice-junction files spent 0.2897 hours.===
Generating 7_v_8.db...
Number of valid .SJ.out.tab files = 4
time = 0.28 mins
Number of valid .SJ.out.tab files = 4
time = 0.55 mins
Number of valid .SJ.out.tab files = 4
time = 0.55 mins
Number of valid .SJ.out.tab files = 4
time = 0.57 mins
Number of valid .SJ.out.tab files = 4
time = 0.85 mins
Number of valid .SJ.out.tab files = 4
time = 1.12 mins
Number of valid .SJ.out.tab files = 4
time = 1.25 mins
Number of valid .SJ.out.tab files = 4
time = 3.02 mins
Number of valid .SJ.out.tab files = 4
time = 0.22 mins
Number of valid .SJ.out.tab files = 4
time = 0.25 mins
Number of valid .SJ.out.tab files = 4
time = 0.32 mins
Number of valid .SJ.out.tab files = 4
time = 0.32 mins
Number of valid .SJ.out.tab files = 4
time = 1.15 mins
Number of valid .SJ.out.tab files = 4
time = 1.17 mins
Number of valid .SJ.out.tab files = 4
time = 1.18 mins
Number of valid .SJ.out.tab files = 4
time = 1.72 mins
Number of valid .SJ.out.tab files = 4
time = 0.17 mins
Number of valid .SJ.out.tab files = 4
time = 0.53 mins
Number of valid .SJ.out.tab files = 4
time = 0.57 mins
Number of valid .SJ.out.tab files = 4
time = 0.60 mins
Number of valid .SJ.out.tab files = 4
time = 0.63 mins
Number of valid .SJ.out.tab files = 4
time = 0.80 mins
Number of valid .SJ.out.tab files = 4
time = 0.82 mins
Number of valid .SJ.out.tab files = 4
time = 0.87 mins
Number of valid .SJ.out.tab files = 4
time = 0.18 mins
===Database spent 0.0964 hours.===
Getting intron reads....
Checking G579S_0_N2.sortedByCoord.bam...
Checking G579S_0_N2.sortedByCoord.IR.out.tab...
Generating .IR.out for G579S_0_N2.sortedByCoord
Checking G579S_0_T1.sortedByCoord.bam...
Checking G579S_0_T1.sortedByCoord.IR.out.tab...
Generating .IR.out for G579S_0_T1.sortedByCoord
Checking G579S_0_N1.sortedByCoord.bam...
Checking G579S_0_N1.sortedByCoord.IR.out.tab...
Generating .IR.out for G579S_0_N1.sortedByCoord
Checking G579S_0_T2.sortedByCoord.bam...
Checking G579S_0_T2.sortedByCoord.IR.out.tab...
Generating .IR.out for G579S_0_T2.sortedByCoord
Processing G579S_0_N1.sortedByCoord.bam...
Processing G579S_0_T2.sortedByCoord.bam...
Processing G579S_0_N2.sortedByCoord.bam...
Processing G579S_0_T1.sortedByCoord.bam...
read format = paired-end
read format = paired-end
read format = paired-end
read format = paired-end
Doing... 1
Doing... 1
Doing... 1
Doing... 1
Output... 1
Doing... 10
Output... 1
Doing... 10
Output... 10
Doing... 11
Output... 10
Doing... 11
Output... 1
Doing... 10
Output... 1
Doing... 10
Output... 11
Doing... 12
Output... 10
Doing... 11
Output... 11
Doing... 12
Output... 10
Doing... 11
Output... 12
Doing... 13
Output... 13
Doing... 14
Output... 12
Doing... 13
Output... 11
Doing... 12
Output... 14
Doing... 15
Output... 13
Doing... 14
Output... 11
Doing... 12
Output... 15
Doing... 16
Output... 14
Doing... 15
Output... 15
Doing... 16
Output... 12
Doing... 13
Output... 16
Doing... 17
Output... 13
Doing... 14
Output... 12
Doing... 13
Output... 16
Doing... 17
Output... 17
Doing... 18
Output... 14
Doing... 15
Output... 13
Doing... 14
Output... 18
Doing... 19
Output... 17
Doing... 18
Output... 14
Doing... 15
Output... 18
Doing... 19
Output... 15
Doing... 16
Output... 19
Doing... 2
Output... 15
Doing... 16
Output... 2
Doing... 20
Output... 19
Doing... 2
Output... 16
Doing... 17
Output... 20
Doing... 21
Output... 21
Doing... 22
Output... 22
Doing... 3
Output... 2
Doing... 20
Output... 16
Doing... 17
Output... 20
Doing... 21
Output... 3
Doing... 4
Output... 17
Doing... 18
Output... 21
Doing... 22
Output... 18
Doing... 19
Output... 22
Doing... 3
Output... 4
Doing... 5
Output... 17
Doing... 18
Output... 5
Doing... 6
Output... 3
Doing... 4
Output... 18
Doing... 19
Output... 19
Doing... 2
Output... 6
Doing... 7
Output... 4
Doing... 5
Output... 7
Doing... 8
Output... 5
Doing... 6
Output... 19
Doing... 2
Output... 8
Doing... 9
Output... 2
Doing... 20
Output... 6
Doing... 7
Output... 20
Doing... 21
Output... 9
Doing... MT
Output... 21
Doing... 22
Output... MT
Doing... X
Output... 7
Doing... 8
Output... 2
Doing... 20
Output... X
Doing... Y
Output... Y
Spent 25.9000 mins
Output... 22
Doing... 3
Output... 8
Doing... 9
Output... 20
Doing... 21
Output... 9
Doing... MT
Output... 21
Doing... 22
Output... 3
Doing... 4
Output... MT
Doing... X
Output... 22
Doing... 3
Output... X
Doing... Y
Output... Y
Spent 29.2000 mins
Output... 4
Doing... 5
Output... 3
Doing... 4
Output... 5
Doing... 6
Output... 4
Doing... 5
Output... 6
Doing... 7
Output... 5
Doing... 6
Output... 7
Doing... 8
Output... 6
Doing... 7
Output... 8
Doing... 9
Output... 9
Doing... MT
Output... 7
Doing... 8
Output... MT
Doing... X
Output... X
Doing... Y
Output... Y
Spent 39.9333 mins
Output... 8
Doing... 9
Output... 9
Doing... MT
Output... MT
Doing... X
Output... X
Doing... Y
Output... Y
Spent 43.9000 mins
===Intron-read file spent 0.7319 hours.===
Ready to do PSI analysis...
Group A has 2 samples.
Group B has 2 samples.
Reading... G579S_0_N1.sortedByCoord
Reading... G579S_0_N1.sortedByCoord.SJ.out.tab
accession = G579S_0_N1.sortedByCoord
(T) G579S_0_N1.sortedByCoord
Checking IR reads
checking... G579S_0_N1.sortedByCoord.IR.out.tab
Checking SJ reads...
Calculating PSI values...
Reading... G579S_0_N2.sortedByCoord
Reading... G579S_0_N2.sortedByCoord.SJ.out.tab
accession = G579S_0_N2.sortedByCoord
(T) G579S_0_N2.sortedByCoord
Checking IR reads
checking... G579S_0_N2.sortedByCoord.IR.out.tab
Checking SJ reads...
Calculating PSI values...
Reading... G579S_0_T1.sortedByCoord
Reading... G579S_0_T1.sortedByCoord.SJ.out.tab
accession = G579S_0_T1.sortedByCoord
(N) G579S_0_T1.sortedByCoord
Checking IR reads
checking... G579S_0_T1.sortedByCoord.IR.out.tab
Checking SJ reads...
Calculating PSI values...
Reading... G579S_0_T2.sortedByCoord
Reading... G579S_0_T2.sortedByCoord.SJ.out.tab
accession = G579S_0_T2.sortedByCoord
(N) G579S_0_T2.sortedByCoord
Checking IR reads
checking... G579S_0_T2.sortedByCoord.IR.out.tab
Checking SJ reads...
Calculating PSI values...
Number of events = 176047
Number of samples = 4
Statistics option = Student's t-test
number of p-value = 130852
Number of final p-value = 129965
Skipping p-value adjustment.
number of fdr(BH) = 129965
===PSI analysis spent 0.0183 hours.===
Filtering ΔPSI results...
Filtering mode = 3
Reading... ../genome.gtf.mapping.txt
Reading... 7_v_8.db
===Filtering spent 0.0014 hours.===
Archiving... 7_v_8_r10_ir3.txt 
7_v_8_r10_ir3.txt

***Total: 1.1377 hours (or 68.262mins).
