groupa.txt is found. Copy to the working directory.
groupb.txt is found. Copy to the working directory.
gtf = ../genome.gtf
name = 1_v_4
type = 2
nread = 10
skipratio = 0.05
fmode = 3
irmode = 0
adjp = 0
trimp = 5
denominator = 0
irrange = 5
groupa = 1_v_4.groupa.txt
groupb = 1_v_4.groupb.txt
threads = 8
output = .
variance assumption = equal (Student's t-test)
Path = /usr/local/bin/PSI-Sigma-2.1
WT_0_T1.sortedByCoord.bam.bai is ready.
WT_0_T2.sortedByCoord.bam.bai is ready.
WT_100_T1.sortedByCoord.bam.bai is ready.
WT_100_T2.sortedByCoord.bam.bai is ready.
Generating mapping file...
Checking splice-junction files...
Generating... WT_100_T1.sortedByCoord.SJ.out.tab
Generating... WT_100_T2.sortedByCoord.SJ.out.tab
Generating... WT_0_T2.sortedByCoord.SJ.out.tab
Generating... WT_0_T1.sortedByCoord.SJ.out.tab
===Splice-junction files spent 0.2853 hours.===
Generating 1_v_4.db...
Number of valid .SJ.out.tab files = 4
time = 0.33 mins
Number of valid .SJ.out.tab files = 4
time = 0.67 mins
Number of valid .SJ.out.tab files = 4
time = 0.70 mins
Number of valid .SJ.out.tab files = 4
time = 0.72 mins
Number of valid .SJ.out.tab files = 4
time = 0.92 mins
Number of valid .SJ.out.tab files = 4
time = 1.22 mins
Number of valid .SJ.out.tab files = 4
time = 1.30 mins
Number of valid .SJ.out.tab files = 4
time = 3.03 mins
Number of valid .SJ.out.tab files = 4
time = 0.30 mins
Number of valid .SJ.out.tab files = 4
time = 0.30 mins
Number of valid .SJ.out.tab files = 4
time = 0.37 mins
Number of valid .SJ.out.tab files = 4
time = 0.42 mins
Number of valid .SJ.out.tab files = 4
time = 1.23 mins
Number of valid .SJ.out.tab files = 4
time = 1.23 mins
Number of valid .SJ.out.tab files = 4
time = 1.23 mins
Number of valid .SJ.out.tab files = 4
time = 1.75 mins
Number of valid .SJ.out.tab files = 4
time = 0.22 mins
Number of valid .SJ.out.tab files = 4
time = 0.57 mins
Number of valid .SJ.out.tab files = 4
time = 0.63 mins
Number of valid .SJ.out.tab files = 4
time = 0.72 mins
Number of valid .SJ.out.tab files = 4
time = 0.72 mins
Number of valid .SJ.out.tab files = 4
time = 0.93 mins
Number of valid .SJ.out.tab files = 4
time = 0.93 mins
Number of valid .SJ.out.tab files = 4
time = 0.95 mins
Number of valid .SJ.out.tab files = 4
time = 0.17 mins
===Database spent 0.0983 hours.===
Getting intron reads....
Checking WT_100_T1.sortedByCoord.bam...
Checking WT_100_T1.sortedByCoord.IR.out.tab...
Generating .IR.out for WT_100_T1.sortedByCoord
Checking WT_100_T2.sortedByCoord.bam...
Checking WT_100_T2.sortedByCoord.IR.out.tab...
Generating .IR.out for WT_100_T2.sortedByCoord
Checking WT_0_T2.sortedByCoord.bam...
Checking WT_0_T2.sortedByCoord.IR.out.tab...
Generating .IR.out for WT_0_T2.sortedByCoord
Checking WT_0_T1.sortedByCoord.bam...
Checking WT_0_T1.sortedByCoord.IR.out.tab...
Generating .IR.out for WT_0_T1.sortedByCoord
Processing WT_100_T2.sortedByCoord.bam...
Processing WT_100_T1.sortedByCoord.bam...
Processing WT_0_T1.sortedByCoord.bam...
Processing WT_0_T2.sortedByCoord.bam...
read format = paired-end
read format = paired-end
read format = paired-end
read format = paired-end
Doing... 1
Doing... 1
Doing... 1
Doing... 1
Output... 1
Doing... 10
Output... 1
Doing... 10
Output... 1
Doing... 10
Output... 10
Doing... 11
Output... 1
Doing... 10
Output... 10
Doing... 11
Output... 10
Doing... 11
Output... 10
Doing... 11
Output... 11
Doing... 12
Output... 11
Doing... 12
Output... 11
Doing... 12
Output... 12
Doing... 13
Output... 11
Doing... 12
Output... 12
Doing... 13
Output... 13
Doing... 14
Output... 12
Doing... 13
Output... 13
Doing... 14
Output... 14
Doing... 15
Output... 13
Doing... 14
Output... 14
Doing... 15
Output... 14
Doing... 15
Output... 15
Doing... 16
Output... 15
Doing... 16
Output... 12
Doing... 13
Output... 15
Doing... 16
Output... 13
Doing... 14
Output... 16
Doing... 17
Output... 16
Doing... 17
Output... 14
Doing... 15
Output... 16
Doing... 17
Output... 17
Doing... 18
Output... 15
Doing... 16
Output... 18
Doing... 19
Output... 17
Doing... 18
Output... 18
Doing... 19
Output... 17
Doing... 18
Output... 18
Doing... 19
Output... 19
Doing... 2
Output... 16
Doing... 17
Output... 19
Doing... 2
Output... 2
Doing... 20
Output... 19
Doing... 2
Output... 20
Doing... 21
Output... 17
Doing... 18
Output... 2
Doing... 20
Output... 21
Doing... 22
Output... 18
Doing... 19
Output... 22
Doing... 3
Output... 20
Doing... 21
Output... 2
Doing... 20
Output... 21
Doing... 22
Output... 20
Doing... 21
Output... 22
Doing... 3
Output... 21
Doing... 22
Output... 3
Doing... 4
Output... 19
Doing... 2
Output... 22
Doing... 3
Output... 4
Doing... 5
Output... 3
Doing... 4
Output... 4
Doing... 5
Output... 3
Doing... 4
Output... 5
Doing... 6
Output... 2
Doing... 20
Output... 4
Doing... 5
Output... 6
Doing... 7
Output... 20
Doing... 21
Output... 5
Doing... 6
Output... 21
Doing... 22
Output... 22
Doing... 3
Output... 5
Doing... 6
Output... 6
Doing... 7
Output... 7
Doing... 8
Output... 8
Doing... 9
Output... 6
Doing... 7
Output... 7
Doing... 8
Output... 3
Doing... 4
Output... 9
Doing... MT
Output... 8
Doing... 9
Output... 7
Doing... 8
Output... 4
Doing... 5
Output... MT
Doing... X
Output... 9
Doing... MT
Output... 8
Doing... 9
Output... X
Doing... Y
Output... Y
Spent 26.7833 mins
Output... MT
Doing... X
Output... 5
Doing... 6
Output... 9
Doing... MT
Output... X
Doing... Y
Output... Y
Spent 28.2333 mins
Output... MT
Doing... X
Output... 6
Doing... 7
Output... X
Doing... Y
Output... Y
Spent 29.5667 mins
Output... 7
Doing... 8
Output... 8
Doing... 9
Output... 9
Doing... MT
Output... MT
Doing... X
Output... X
Doing... Y
Output... Y
Spent 35.9333 mins
===Intron-read file spent 0.5992 hours.===
Ready to do PSI analysis...
Group A has 2 samples.
Group B has 2 samples.
Reading... WT_0_T1.sortedByCoord
Reading... WT_0_T1.sortedByCoord.SJ.out.tab
accession = WT_0_T1.sortedByCoord
(N) WT_0_T1.sortedByCoord
Checking IR reads
checking... WT_0_T1.sortedByCoord.IR.out.tab
Checking SJ reads...
Calculating PSI values...
Reading... WT_0_T2.sortedByCoord
Reading... WT_0_T2.sortedByCoord.SJ.out.tab
accession = WT_0_T2.sortedByCoord
(N) WT_0_T2.sortedByCoord
Checking IR reads
checking... WT_0_T2.sortedByCoord.IR.out.tab
Checking SJ reads...
Calculating PSI values...
Reading... WT_100_T1.sortedByCoord
Reading... WT_100_T1.sortedByCoord.SJ.out.tab
accession = WT_100_T1.sortedByCoord
(T) WT_100_T1.sortedByCoord
Checking IR reads
checking... WT_100_T1.sortedByCoord.IR.out.tab
Checking SJ reads...
Calculating PSI values...
Reading... WT_100_T2.sortedByCoord
Reading... WT_100_T2.sortedByCoord.SJ.out.tab
accession = WT_100_T2.sortedByCoord
(T) WT_100_T2.sortedByCoord
Checking IR reads
checking... WT_100_T2.sortedByCoord.IR.out.tab
Checking SJ reads...
Calculating PSI values...
Number of events = 166854
Number of samples = 4
Statistics option = Student's t-test
number of p-value = 110235
Number of final p-value = 109502
Skipping p-value adjustment.
number of fdr(BH) = 109502
===PSI analysis spent 0.0175 hours.===
Filtering ΔPSI results...
Filtering mode = 3
Reading... ../genome.gtf.mapping.txt
Reading... 1_v_4.db
===Filtering spent 0.0011 hours.===
Archiving... 1_v_4_r10_ir3.txt 
1_v_4_r10_ir3.txt

***Total: 1.0014 hours (or 60.084mins).
