groupa.txt is found. Copy to the working directory.
groupb.txt is found. Copy to the working directory.
gtf = ../genome.gtf
name = 2_v_11
type = 2
nread = 10
skipratio = 0.05
fmode = 3
irmode = 0
adjp = 0
trimp = 5
denominator = 0
irrange = 5
groupa = 2_v_11.groupa.txt
groupb = 2_v_11.groupb.txt
threads = 8
output = .
variance assumption = equal (Student's t-test)
Path = /usr/local/bin/PSI-Sigma-2.1
WT_0_N1.sortedByCoord.bam.bai is ready.
WT_0_N2.sortedByCoord.bam.bai is ready.
G579S_100_N1.sortedByCoord.bam.bai is ready.
G579S_100_N2.sortedByCoord.bam.bai is ready.
Generating mapping file...
Checking splice-junction files...
Generating... G579S_100_N2.sortedByCoord.SJ.out.tab
Generating... G579S_100_N1.sortedByCoord.SJ.out.tab
Generating... WT_0_N1.sortedByCoord.SJ.out.tab
Generating... WT_0_N2.sortedByCoord.SJ.out.tab
===Splice-junction files spent 0.2389 hours.===
Generating 2_v_11.db...
Number of valid .SJ.out.tab files = 4
time = 0.28 mins
Number of valid .SJ.out.tab files = 4
time = 0.55 mins
Number of valid .SJ.out.tab files = 4
time = 0.57 mins
Number of valid .SJ.out.tab files = 4
time = 0.58 mins
Number of valid .SJ.out.tab files = 4
time = 0.90 mins
Number of valid .SJ.out.tab files = 4
time = 1.17 mins
Number of valid .SJ.out.tab files = 4
time = 1.27 mins
Number of valid .SJ.out.tab files = 4
time = 3.40 mins
Number of valid .SJ.out.tab files = 4
time = 0.23 mins
Number of valid .SJ.out.tab files = 4
time = 0.27 mins
Number of valid .SJ.out.tab files = 4
time = 0.32 mins
Number of valid .SJ.out.tab files = 4
time = 0.33 mins
Number of valid .SJ.out.tab files = 4
time = 1.22 mins
Number of valid .SJ.out.tab files = 4
time = 1.22 mins
Number of valid .SJ.out.tab files = 4
time = 1.25 mins
Number of valid .SJ.out.tab files = 4
time = 1.78 mins
Number of valid .SJ.out.tab files = 4
time = 0.18 mins
Number of valid .SJ.out.tab files = 4
time = 0.53 mins
Number of valid .SJ.out.tab files = 4
time = 0.58 mins
Number of valid .SJ.out.tab files = 4
time = 0.62 mins
Number of valid .SJ.out.tab files = 4
time = 0.67 mins
Number of valid .SJ.out.tab files = 4
time = 0.82 mins
Number of valid .SJ.out.tab files = 4
time = 0.83 mins
Number of valid .SJ.out.tab files = 4
time = 0.92 mins
Number of valid .SJ.out.tab files = 4
time = 0.18 mins
===Database spent 0.1047 hours.===
Getting intron reads....
Checking G579S_100_N2.sortedByCoord.bam...
Checking G579S_100_N2.sortedByCoord.IR.out.tab...
Generating .IR.out for G579S_100_N2.sortedByCoord
Checking G579S_100_N1.sortedByCoord.bam...
Checking G579S_100_N1.sortedByCoord.IR.out.tab...
Generating .IR.out for G579S_100_N1.sortedByCoord
Checking WT_0_N1.sortedByCoord.bam...
Checking WT_0_N1.sortedByCoord.IR.out.tab...
Generating .IR.out for WT_0_N1.sortedByCoord
Checking WT_0_N2.sortedByCoord.bam...
Checking WT_0_N2.sortedByCoord.IR.out.tab...
Generating .IR.out for WT_0_N2.sortedByCoord
Processing WT_0_N2.sortedByCoord.bam...
Processing G579S_100_N1.sortedByCoord.bam...
Processing WT_0_N1.sortedByCoord.bam...
Processing G579S_100_N2.sortedByCoord.bam...
read format = paired-end
read format = paired-end
read format = paired-end
read format = paired-end
Doing... 1
Doing... 1
Doing... 1
Doing... 1
Output... 1
Doing... 10
Output... 1
Doing... 10
Output... 1
Doing... 10
Output... 1
Doing... 10
Output... 10
Doing... 11
Output... 10
Doing... 11
Output... 10
Doing... 11
Output... 10
Doing... 11
Output... 11
Doing... 12
Output... 11
Doing... 12
Output... 11
Doing... 12
Output... 11
Doing... 12
Output... 12
Doing... 13
Output... 12
Doing... 13
Output... 13
Doing... 14
Output... 13
Doing... 14
Output... 12
Doing... 13
Output... 14
Doing... 15
Output... 14
Doing... 15
Output... 13
Doing... 14
Output... 12
Doing... 13
Output... 14
Doing... 15
Output... 15
Doing... 16
Output... 15
Doing... 16
Output... 13
Doing... 14
Output... 15
Doing... 16
Output... 14
Doing... 15
Output... 16
Doing... 17
Output... 16
Doing... 17
Output... 15
Doing... 16
Output... 16
Doing... 17
Output... 17
Doing... 18
Output... 17
Doing... 18
Output... 18
Doing... 19
Output... 18
Doing... 19
Output... 17
Doing... 18
Output... 16
Doing... 17
Output... 18
Doing... 19
Output... 19
Doing... 2
Output... 19
Doing... 2
Output... 17
Doing... 18
Output... 19
Doing... 2
Output... 18
Doing... 19
Output... 2
Doing... 20
Output... 2
Doing... 20
Output... 20
Doing... 21
Output... 2
Doing... 20
Output... 21
Doing... 22
Output... 20
Doing... 21
Output... 20
Doing... 21
Output... 19
Doing... 2
Output... 21
Doing... 22
Output... 22
Doing... 3
Output... 21
Doing... 22
Output... 22
Doing... 3
Output... 22
Doing... 3
Output... 2
Doing... 20
Output... 3
Doing... 4
Output... 3
Doing... 4
Output... 20
Doing... 21
Output... 4
Doing... 5
Output... 3
Doing... 4
Output... 4
Doing... 5
Output... 21
Doing... 22
Output... 4
Doing... 5
Output... 22
Doing... 3
Output... 5
Doing... 6
Output... 5
Doing... 6
Output... 6
Doing... 7
Output... 6
Doing... 7
Output... 5
Doing... 6
Output... 3
Doing... 4
Output... 6
Doing... 7
Output... 4
Doing... 5
Output... 7
Doing... 8
Output... 7
Doing... 8
Output... 8
Doing... 9
Output... 8
Doing... 9
Output... 7
Doing... 8
Output... 5
Doing... 6
Output... 9
Doing... MT
Output... MT
Doing... X
Output... 9
Doing... MT
Output... MT
Doing... X
Output... 8
Doing... 9
Output... 6
Doing... 7
Output... X
Doing... Y
Output... Y
Spent 39.7667 mins
Output... X
Doing... Y
Output... Y
Spent 39.9500 mins
Output... 9
Doing... MT
Output... MT
Doing... X
Output... 7
Doing... 8
Output... X
Doing... Y
Output... Y
Spent 42.3500 mins
Output... 8
Doing... 9
Output... 9
Doing... MT
Output... MT
Doing... X
Output... X
Doing... Y
Output... Y
Spent 47.0833 mins
===Intron-read file spent 0.7850 hours.===
Ready to do PSI analysis...
Group A has 2 samples.
Group B has 2 samples.
Reading... G579S_100_N1.sortedByCoord
Reading... G579S_100_N1.sortedByCoord.SJ.out.tab
accession = G579S_100_N1.sortedByCoord
(T) G579S_100_N1.sortedByCoord
Checking IR reads
checking... G579S_100_N1.sortedByCoord.IR.out.tab
Checking SJ reads...
Calculating PSI values...
Reading... G579S_100_N2.sortedByCoord
Reading... G579S_100_N2.sortedByCoord.SJ.out.tab
accession = G579S_100_N2.sortedByCoord
(T) G579S_100_N2.sortedByCoord
Checking IR reads
checking... G579S_100_N2.sortedByCoord.IR.out.tab
Checking SJ reads...
Calculating PSI values...
Reading... WT_0_N1.sortedByCoord
Reading... WT_0_N1.sortedByCoord.SJ.out.tab
accession = WT_0_N1.sortedByCoord
(N) WT_0_N1.sortedByCoord
Checking IR reads
checking... WT_0_N1.sortedByCoord.IR.out.tab
Checking SJ reads...
Calculating PSI values...
Reading... WT_0_N2.sortedByCoord
Reading... WT_0_N2.sortedByCoord.SJ.out.tab
accession = WT_0_N2.sortedByCoord
(N) WT_0_N2.sortedByCoord
Checking IR reads
checking... WT_0_N2.sortedByCoord.IR.out.tab
Checking SJ reads...
Calculating PSI values...
Number of events = 169606
Number of samples = 4
Statistics option = Student's t-test
number of p-value = 124223
Number of final p-value = 123289
Skipping p-value adjustment.
number of fdr(BH) = 123289
===PSI analysis spent 0.0222 hours.===
Filtering ΔPSI results...
Filtering mode = 3
Reading... ../genome.gtf.mapping.txt
Reading... 2_v_11.db
===Filtering spent 0.0014 hours.===
Archiving... 2_v_11_r10_ir3.txt 
2_v_11_r10_ir3.txt

***Total: 1.1522 hours (or 69.132mins).
