groupa.txt is found. Copy to the working directory.
groupb.txt is found. Copy to the working directory.
gtf = ../genome.gtf
name = 3_v_6
type = 2
nread = 10
skipratio = 0.05
fmode = 3
irmode = 0
adjp = 0
trimp = 5
denominator = 0
irrange = 5
groupa = 3_v_6.groupa.txt
groupb = 3_v_6.groupb.txt
threads = 8
output = .
variance assumption = equal (Student's t-test)
Path = /usr/local/bin/PSI-Sigma-2.1
WT_0_C1.sortedByCoord.bam.bai is ready.
WT_0_C2.sortedByCoord.bam.bai is ready.
WT_100_C1.sortedByCoord.bam.bai is ready.
WT_100_C2.sortedByCoord.bam.bai is ready.
Generating mapping file...
Checking splice-junction files...
Generating... WT_100_C1.sortedByCoord.SJ.out.tab
Generating... WT_0_C2.sortedByCoord.SJ.out.tab
Generating... WT_0_C1.sortedByCoord.SJ.out.tab
Generating... WT_100_C2.sortedByCoord.SJ.out.tab
===Splice-junction files spent 0.3244 hours.===
Generating 3_v_6.db...
Number of valid .SJ.out.tab files = 4
time = 0.28 mins
Number of valid .SJ.out.tab files = 4
time = 0.57 mins
Number of valid .SJ.out.tab files = 4
time = 0.58 mins
Number of valid .SJ.out.tab files = 4
time = 0.58 mins
Number of valid .SJ.out.tab files = 4
time = 0.85 mins
Number of valid .SJ.out.tab files = 4
time = 1.17 mins
Number of valid .SJ.out.tab files = 4
time = 1.28 mins
Number of valid .SJ.out.tab files = 4
time = 3.48 mins
Number of valid .SJ.out.tab files = 4
time = 0.22 mins
Number of valid .SJ.out.tab files = 4
time = 0.27 mins
Number of valid .SJ.out.tab files = 4
time = 0.32 mins
Number of valid .SJ.out.tab files = 4
time = 0.33 mins
Number of valid .SJ.out.tab files = 4
time = 1.20 mins
Number of valid .SJ.out.tab files = 4
time = 1.22 mins
Number of valid .SJ.out.tab files = 4
time = 1.25 mins
Number of valid .SJ.out.tab files = 4
time = 1.92 mins
Number of valid .SJ.out.tab files = 4
time = 0.17 mins
Number of valid .SJ.out.tab files = 4
time = 0.53 mins
Number of valid .SJ.out.tab files = 4
time = 0.58 mins
Number of valid .SJ.out.tab files = 4
time = 0.62 mins
Number of valid .SJ.out.tab files = 4
time = 0.65 mins
Number of valid .SJ.out.tab files = 4
time = 0.83 mins
Number of valid .SJ.out.tab files = 4
time = 0.85 mins
Number of valid .SJ.out.tab files = 4
time = 0.88 mins
Number of valid .SJ.out.tab files = 4
time = 0.18 mins
===Database spent 0.1078 hours.===
Getting intron reads....
Checking WT_100_C1.sortedByCoord.bam...
Checking WT_100_C1.sortedByCoord.IR.out.tab...
Generating .IR.out for WT_100_C1.sortedByCoord
Checking WT_0_C2.sortedByCoord.bam...
Checking WT_0_C2.sortedByCoord.IR.out.tab...
Generating .IR.out for WT_0_C2.sortedByCoord
Checking WT_0_C1.sortedByCoord.bam...
Checking WT_0_C1.sortedByCoord.IR.out.tab...
Generating .IR.out for WT_0_C1.sortedByCoord
Checking WT_100_C2.sortedByCoord.bam...
Checking WT_100_C2.sortedByCoord.IR.out.tab...
Generating .IR.out for WT_100_C2.sortedByCoord
Processing WT_100_C1.sortedByCoord.bam...
Processing WT_0_C2.sortedByCoord.bam...
Processing WT_100_C2.sortedByCoord.bam...
Processing WT_0_C1.sortedByCoord.bam...
read format = paired-end
read format = paired-end
read format = paired-end
read format = paired-end
Doing... 1
Doing... 1
Doing... 1
Doing... 1
Output... 1
Doing... 10
Output... 1
Doing... 10
Output... 1
Doing... 10
Output... 1
Doing... 10
Output... 10
Doing... 11
Output... 10
Doing... 11
Output... 10
Doing... 11
Output... 10
Doing... 11
Output... 11
Doing... 12
Output... 11
Doing... 12
Output... 11
Doing... 12
Output... 11
Doing... 12
Output... 12
Doing... 13
Output... 12
Doing... 13
Output... 13
Doing... 14
Output... 13
Doing... 14
Output... 14
Doing... 15
Output... 14
Doing... 15
Output... 12
Doing... 13
Output... 12
Doing... 13
Output... 15
Doing... 16
Output... 13
Doing... 14
Output... 13
Doing... 14
Output... 15
Doing... 16
Output... 14
Doing... 15
Output... 16
Doing... 17
Output... 14
Doing... 15
Output... 16
Doing... 17
Output... 15
Doing... 16
Output... 15
Doing... 16
Output... 17
Doing... 18
Output... 18
Doing... 19
Output... 17
Doing... 18
Output... 16
Doing... 17
Output... 18
Doing... 19
Output... 16
Doing... 17
Output... 19
Doing... 2
Output... 19
Doing... 2
Output... 17
Doing... 18
Output... 17
Doing... 18
Output... 18
Doing... 19
Output... 2
Doing... 20
Output... 18
Doing... 19
Output... 20
Doing... 21
Output... 2
Doing... 20
Output... 21
Doing... 22
Output... 20
Doing... 21
Output... 22
Doing... 3
Output... 21
Doing... 22
Output... 19
Doing... 2
Output... 22
Doing... 3
Output... 19
Doing... 2
Output... 3
Doing... 4
Output... 4
Doing... 5
Output... 2
Doing... 20
Output... 3
Doing... 4
Output... 2
Doing... 20
Output... 20
Doing... 21
Output... 4
Doing... 5
Output... 5
Doing... 6
Output... 21
Doing... 22
Output... 20
Doing... 21
Output... 21
Doing... 22
Output... 22
Doing... 3
Output... 5
Doing... 6
Output... 22
Doing... 3
Output... 6
Doing... 7
Output... 6
Doing... 7
Output... 3
Doing... 4
Output... 7
Doing... 8
Output... 3
Doing... 4
Output... 4
Doing... 5
Output... 8
Doing... 9
Output... 7
Doing... 8
Output... 4
Doing... 5
Output... 8
Doing... 9
Output... 9
Doing... MT
Output... 5
Doing... 6
Output... 5
Doing... 6
Output... 9
Doing... MT
Output... MT
Doing... X
Output... 6
Doing... 7
Output... 6
Doing... 7
Output... X
Doing... Y
Output... Y
Spent 23.4000 mins
Output... MT
Doing... X
Output... X
Doing... Y
Output... Y
Spent 24.3167 mins
Output... 7
Doing... 8
Output... 7
Doing... 8
Output... 8
Doing... 9
Output... 8
Doing... 9
Output... 9
Doing... MT
Output... 9
Doing... MT
Output... MT
Doing... X
Output... MT
Doing... X
Output... X
Doing... Y
Output... Y
Spent 28.1333 mins
Output... X
Doing... Y
Output... Y
Spent 28.5667 mins
===Intron-read file spent 0.4764 hours.===
Ready to do PSI analysis...
Group A has 2 samples.
Group B has 2 samples.
Reading... WT_0_C1.sortedByCoord
Reading... WT_0_C1.sortedByCoord.SJ.out.tab
accession = WT_0_C1.sortedByCoord
(N) WT_0_C1.sortedByCoord
Checking IR reads
checking... WT_0_C1.sortedByCoord.IR.out.tab
Checking SJ reads...
Calculating PSI values...
Reading... WT_0_C2.sortedByCoord
Reading... WT_0_C2.sortedByCoord.SJ.out.tab
accession = WT_0_C2.sortedByCoord
(N) WT_0_C2.sortedByCoord
Checking IR reads
checking... WT_0_C2.sortedByCoord.IR.out.tab
Checking SJ reads...
Calculating PSI values...
Reading... WT_100_C1.sortedByCoord
Reading... WT_100_C1.sortedByCoord.SJ.out.tab
accession = WT_100_C1.sortedByCoord
(T) WT_100_C1.sortedByCoord
Checking IR reads
checking... WT_100_C1.sortedByCoord.IR.out.tab
Checking SJ reads...
Calculating PSI values...
Reading... WT_100_C2.sortedByCoord
Reading... WT_100_C2.sortedByCoord.SJ.out.tab
accession = WT_100_C2.sortedByCoord
(T) WT_100_C2.sortedByCoord
Checking IR reads
checking... WT_100_C2.sortedByCoord.IR.out.tab
Checking SJ reads...
Calculating PSI values...
Number of events = 170663
Number of samples = 4
Statistics option = Student's t-test
number of p-value = 111926
Number of final p-value = 110982
Skipping p-value adjustment.
number of fdr(BH) = 110982
===PSI analysis spent 0.0239 hours.===
Filtering ΔPSI results...
Filtering mode = 3
Reading... ../genome.gtf.mapping.txt
Reading... 3_v_6.db
===Filtering spent 0.0011 hours.===
Archiving... 3_v_6_r10_ir3.txt 
3_v_6_r10_ir3.txt

***Total: 0.9336 hours (or 56.016mins).
